 ------------------------------------------------------------------------------------------------------------------------------------------------------- 
| Snapshot                | WNS                  | TNS                  | Density (%) | Hotspot                   | Resource               | DRVs       |
|                         | HEPG (ns) | ALL (ns) | HEPG (ns) | ALL (ns) |             | Max (bins) | Total (bins) | Real (s) | Memory (MB) | Tran | Cap |
|-------------------------+-----------+----------+-----------+----------+-------------+------------+--------------+----------+-------------+------+-----|
| initial_summary         |           |   -0.007 |           |       -0 |       81.39 |            |              | 0:00:00  |        3248 |    0 |   0 |
| route_type_refinement   |           |          |           |          |             |            |              | 0:00:00  |        3248 |      |     |
| simplify_netlist        |           |          |           |          |             |            |              | 0:00:02  |        3264 |      |     |
| drv_fixing              |           |          |           |          |             |            |              | 0:00:00  |        3265 |      |     |
| area_reclaiming         |     0.000 |   -0.007 |         0 |       -0 |       81.26 |            |              | 0:00:01  |        3266 |      |     |
| global_opt              |           |   -0.007 |           |       -0 |       81.26 |            |              | 0:00:02  |        3263 |      |     |
| area_reclaiming_2       |     0.000 |   -0.007 |         0 |       -0 |       81.26 |            |              | 0:00:01  |        3264 |      |     |
| incremental_replacement |    -0.024 |   -0.024 |           |       -0 |             |       0.00 |         0.00 | 0:00:01  |        3268 |      |     |
| tns_fixing              |    -0.022 |   -0.022 |        -0 |       -0 |       83.94 |            |              | 0:00:02  |        3367 |      |     |
| wns_fixing              |     0.026 |    0.019 |         0 |        0 |       90.76 |            |              | 0:00:37  |        3390 |      |     |
| area_reclaiming_3       |     0.005 |    0.005 |         0 |        0 |       85.01 |            |              | 0:00:00  |        3302 |      |     |
| drv_eco_fixing          |     0.005 |    0.005 |         0 |        0 |       85.01 |            |              | 0:00:01  |        3302 |    0 |   0 |
| final_summary           |     0.005 |    0.005 |           |        0 |       85.01 |            |              | 0:00:01  |        3266 |    0 |   0 |
 ------------------------------------------------------------------------------------------------------------------------------------------------------- 
